2025-11-21 22:25:43,442 - INFO - Logging initialized. Log file: runs/run_28/training.log
2025-11-21 22:25:43,444 - INFO - Experiment directory: runs/run_28
2025-11-21 22:25:43,670 - INFO - Setting random seeds for reproducibility (seed: 42)...
2025-11-21 22:25:43,683 - INFO - Random seeds set to 42 (deterministic=False)
2025-11-21 22:25:43,685 - INFO - Setting up device...
2025-11-21 22:25:43,686 - INFO - Using device: cuda
2025-11-21 22:25:43,687 - INFO - Using device: cuda
2025-11-21 22:25:43,689 - INFO - Training configuration: epochs=3, warmup=2, lr=0.001
2025-11-21 22:25:43,690 - INFO - Using pretrained model: swin_tiny_patch4_window7_224
2025-11-21 22:25:43,691 - INFO - Model architecture: Swin-Tiny
2025-11-21 22:25:43,692 - INFO - Model config: embed_dim=96, depths=[2, 2, 6, 2], num_heads=[3, 6, 12, 24]
2025-11-21 22:25:43,694 - INFO - Image size: 224x224, patch_size: 4x4
2025-11-21 22:25:43,695 - INFO - Loading dataset...
2025-11-21 22:25:46,622 - INFO - Dataset loaded: train=1303, val=261, test=313 batches
2025-11-21 22:25:46,624 - INFO - Initializing reference model...
2025-11-21 22:25:46,625 - INFO - Loading TIMM model: swin_tiny_patch4_window7_224 with pretrained weights
2025-11-21 22:25:47,211 - INFO - Loading pretrained weights from Hugging Face hub (timm/swin_tiny_patch4_window7_224.ms_in1k)
2025-11-21 22:25:47,474 - INFO - HTTP Request: HEAD https://huggingface.co/timm/swin_tiny_patch4_window7_224.ms_in1k/resolve/main/model.safetensors "HTTP/1.1 302 Found"
2025-11-21 22:25:47,569 - INFO - [timm/swin_tiny_patch4_window7_224.ms_in1k] Safe alternative available for 'pytorch_model.bin' (as 'model.safetensors'). Loading weights using safetensors.
2025-11-21 22:25:48,703 - INFO - Successfully loaded swin_tiny_patch4_window7_224 from TIMM
2025-11-21 22:25:48,704 - INFO - Encoder loaded: 768 output features
2025-11-21 22:25:48,706 - INFO - Created classification head: 768 -> 100 classes
2025-11-21 22:25:48,709 - INFO - Reference model created. Trainable params (head only): 78,436
2025-11-21 22:25:48,953 - INFO - Detected Swin Transformer architecture
2025-11-21 22:25:48,955 - INFO - Extracting model size from TIMM model name...
2025-11-21 22:25:48,956 - INFO - Detected model size: tiny
2025-11-21 22:25:48,957 - INFO - Will create custom model with: {'embed_dim': 96, 'depths': [2, 2, 6, 2], 'num_heads': [3, 6, 12, 24]}
2025-11-21 22:25:48,959 - INFO - Initializing custom Swin model (size: tiny)...
2025-11-21 22:25:48,961 - ERROR - Failed to create custom model (size: tiny): cannot access local variable 'preset' where it is not associated with a value
2025-11-21 22:25:48,963 - ERROR - Experiment failed with error: Custom model creation failed: cannot access local variable 'preset' where it is not associated with a value
2025-11-21 22:25:48,964 - ERROR - Full traceback:
Traceback (most recent call last):
  File "/home/pml04/swin_transformer/Machine-Learning-Project/main.py", line 536, in create_custom_model
    f"Custom model will match architecture: embed_dim={preset['embed_dim']}, depths={preset['depths']}, num_heads={preset['num_heads']}"
                                                       ^^^^^^
UnboundLocalError: cannot access local variable 'preset' where it is not associated with a value

The above exception was the direct cause of the following exception:

Traceback (most recent call last):
  File "/home/pml04/swin_transformer/Machine-Learning-Project/main.py", line 801, in main
    custom_model = create_custom_model(reference_model, model_size, device)
                   ^^^^^^^^^^^^^^^^^^^^^^^^^^^^^^^^^^^^^^^^^^^^^^^^^^^^^^^^
  File "/home/pml04/swin_transformer/Machine-Learning-Project/main.py", line 618, in create_custom_model
    raise RuntimeError(f"Custom model creation failed: {e}") from e
RuntimeError: Custom model creation failed: cannot access local variable 'preset' where it is not associated with a value
